==============================================================================
  DRSS — EXTENDED ANALYSES
==============================================================================

[A] Lower/upper containment without fullness
    n_trials                                         4000
    violations_lower_subset_upper                    0
    violations_upper_subset_active_universe          0
    full_covers_sampled                              2377
    non_full_covers_sampled                          1623

[B1] Abstract-example entropy
    t1: H=1.459  H^S=1.459  N_t=6  partition=False
    t2: H=1.491  H^S=1.906  N_t=8  partition=False
    t3: H=1.396  H^S=0.811  N_t=4  partition=False
    Liang-Shi (static aggregate) = 0.331
    drift dH(t1,t2) = 0.031

[B2] Entropy normalisation study
    partition_trials                                     400
    max_abs_difference_H_vs_Shannon_on_partitions        0.000000
    monotonicity_violations_H_partition                  0
    monotonicity_violations_Shannon_partition            0
    overlap_trials                                       400
    monotonicity_violations_H_overlapping                0
    monotonicity_violations_Shannon_overlapping          0

[B3] Entropy vs overlap density
     overlap    delta                  H            Shannon           LiangShi
         0.0     0.31      2.186±0.350       2.574±0.335       0.119±0.018 
         0.2     0.75      1.785±0.484       2.594±0.482       0.130±0.035 
         0.4     1.28      1.271±0.493       2.456±0.497       0.121±0.047 
         0.6     1.74      0.977±0.548       2.428±0.500       0.109±0.058 
         0.8     2.26      0.664±0.492       2.367±0.494       0.090±0.064 
         1.0     2.77      0.469±0.431       2.373±0.507       0.076±0.068 
    relative range  H=1.401  Shannon=0.092  LiangShi=0.510

[C] Partial-coverage definability
    t1: U*=['AR', 'N'] full=False L=[] Up=['AR', 'N']
        absolute=internally_indefinable  relative=totally_indefinable_rel
    t2: U*=['AR', 'C', 'N'] full=True L=['AR', 'C'] Up=['AR', 'C']
        absolute=roughly_definable  relative=roughly_definable_rel
    t3: U*=['AR', 'C'] full=False L=['AR', 'C'] Up=['AR', 'C']
        absolute=roughly_definable  relative=externally_indefinable_rel
    t4: U*=['AR', 'C'] full=False L=['AR', 'C'] Up=['AR', 'C']
        absolute=roughly_definable  relative=externally_indefinable_rel

[D] (alpha, beta) sensitivity grid
    error range across grid : 12.900 p.p.
    AUROC range across grid : 0.2082
    adopted default (0.5, 0.25): err=33.167 auroc=0.6803
    legacy cell (1, 2)        : err=42.100 auroc=0.5254
    best error cell : alpha=0.0/|U| beta=0.0/|U| err=33.000
    best AUROC cell : alpha=0.5/|U| beta=0.25/|U| auroc=0.6803

[E] Threshold-tuned baselines
    B1                   err=66.100±3.197  auroc=0.5021±0.0104
    B2                   err=31.067±20.002  auroc=0.6481±0.1124
    B3                   err=34.067±3.768  auroc=0.4962±0.1170
    B4                   err=28.400±6.064  auroc=0.7563±0.0633
    DRSS_legacy_1_2      err=32.200±7.829  auroc=0.5212±0.1329
    DRSS_default         err=28.467±6.771  auroc=0.6748±0.1191
    DRSS_default_vs_B1_auroc_p       1.863e-08
    DRSS_default_vs_B2_auroc_p       1.142e-01
    DRSS_default_vs_B3_auroc_p       1.863e-09
    DRSS_default_vs_B4_auroc_p       4.338e-03
    DRSS_default_vs_DRSS_legacy_1_2_auroc_p 8.857e-05

[F] Incremental cost accounting
    n_updates                                    49
    mean_delta_A                                 0.571
    mean_modified_A                              0.694
    modified_share_of_touched_params             0.548
    mean_elements_touched_incremental            27.429
    mean_elements_touched_base                   72.857
    work_ratio_incremental_over_base             0.376

[G] Wall-clock protocol and scaling series (Section 12.4)
    |U|=200   |T|=72   base=3.60±0.22 ms  incr=3.40±0.19 ms  speedup=1.06x  range 0.84–1.36x  reps=25
    |U|=1000  |T|=72   base=3.53±0.16 ms  incr=3.41±0.14 ms  speedup=1.03x  range 0.87–1.26x  reps=25
    |U|=2000  |T|=144  base=8.43±0.48 ms  incr=8.36±0.45 ms  speedup=1.01x  range 0.85–1.24x  reps=25

[H] Main synthetic benchmark (Table 11)
    B1 (Union-static SRS)    B= 197.4  err=65.7±5.4  auroc=0.500±0.016
    B2 (Per-slice SRS)       B=  62.0  err=32.1±20.7  auroc=0.645±0.109
    B3 (DSS)                 B=   nan  err=35.0±4.4  auroc=0.484±0.109
    B4 (Logistic reg.)       B=   nan  err=28.8±6.0  auroc=0.745±0.077
    DRSS                     B=  62.0  err=28.5±6.5  auroc=0.670±0.116
    DRSS_vs_B1_auroc_p           3.54e-17
    DRSS_vs_B2_auroc_p           7.66e-03
    DRSS_vs_B3_auroc_p           3.90e-18
    DRSS_vs_B4_auroc_p           4.56e-07

[I] Granule-fidelity sensitivity (Table 12)
    rho=0.6
      B1    err=65.6±3.8  auroc=0.502
      B2    err=46.4±21.7  auroc=0.573
      B4    err=30.8±5.7  auroc=0.717
      DRSS  err=32.7±5.1  auroc=0.619
    rho=0.75
      B1    err=65.5±3.9  auroc=0.501
      B2    err=33.9±21.7  auroc=0.645
      B4    err=29.2±7.0  auroc=0.751
      DRSS  err=29.8±6.4  auroc=0.667
    rho=0.9
      B1    err=64.6±7.3  auroc=0.505
      B2    err=21.4±13.8  auroc=0.718
      B4    err=26.5±5.8  auroc=0.779
      DRSS  err=25.7±7.8  auroc=0.720

[J1] Mean uptime sweep
    mu=0.3: DRSS err=29.0±6.9  B1 err=63.5
    mu=0.5: DRSS err=29.1±5.3  B1 err=67.0
    mu=0.7: DRSS err=26.9±5.8  B1 err=67.6
    mu=0.9: DRSS err=26.2±5.5  B1 err=67.7

[J2] Active-set size sweep
    |A_t|<=4: DRSS err=30.7±5.7  B1 err=64.8  p=2.53e-06
    |A_t|<=8: DRSS err=29.2±7.3  B1 err=65.4  p=1.72e-06
    |A_t|<=12: DRSS err=28.4±7.1  B1 err=66.7  p=1.72e-06

[J3] Cross-temporal ablation
    DRSS     err=28.5±6.5  auroc=0.670
    ABLATED  err=39.2±10.3  auroc=0.549
    p (error, DRSS vs ablated) = 3.15e-13

[J4] FM1: i.i.d. availability ablation (Section 13.1)
    B1    err=66.4±3.8  auroc=0.499
    DRSS  err=27.1±6.5  auroc=0.713

[J5] FM1: static-granule ablation, drift = 0 (Section 13.1)
    B1    err=42.0±12.8  auroc=0.541
    B2    err=54.9±18.6  auroc=0.533
    DRSS  err=32.4±6.6  auroc=0.543

[J6] Diagnostic regression (Table 17)
    Var_t(H_t)                   r=+0.075  p=9.53e-02
    Mean |A_t|                   r=-0.322  p=1.47e-13
    Mean max_a |F_t(a)|/|U|      r=-0.616  p=1.66e-53
    Var_t(H_t) x Mean|A_t|       r=+0.103  p=2.14e-02
    held-out R^2 main=0.480  +interaction=0.479

[K] Manuscript figures
    written fig_synth_bars.png, fig_sensitivity.png

Written: extended_results.json
