
==========================================================================
  10.7  6x6 CALIBRATION SWEEP  ->  Table 10
==========================================================================

  Classification error (%):
beta_mult   0.25  0.50  1.00  2.00  4.00  8.00
alpha_mult                                    
0.25        70.0  85.5  85.5  85.5  85.5  85.5
0.50        24.9  70.0  85.5  85.5  85.5  85.5
1.00        24.9  24.9  70.0  85.5  85.5  85.5
2.00        24.9  24.9  24.9  70.0  85.5  85.5
4.00        24.9  24.9  24.9  24.9  70.0  85.5
8.00        24.9  24.9  24.9  24.9  24.9  70.0

  AUROC:
beta_mult   0.25  0.50  1.00  2.00  4.00  8.00
alpha_mult                                    
0.25       0.500 0.004 0.004 0.004 0.004 0.004
0.50       0.996 0.500 0.004 0.004 0.004 0.004
1.00       0.996 0.996 0.500 0.004 0.004 0.004
2.00       0.996 0.996 0.996 0.500 0.004 0.004
4.00       0.996 0.996 0.996 0.996 0.500 0.004
8.00       0.996 0.996 0.996 0.996 0.996 0.500

  Spread over the whole grid:  error 60.5 p.p.,  AUROC 0.992

==========================================================================
  10.9  DIAGNOSTIC REGRESSION  ->  Table 18
==========================================================================
  response Delta = err_B1 - err_DRSS  (percentage points)
    mean -55.64  sd 2.74  range [-62.00, -49.00]
    DRSS LOSES on 100.0% of runs  (previously not visible)
  n = 500
    Var_t(H_t)                 r=-0.05  beta=+8.930 [-25.165,+43.025]  VIF=20135.68
    mean|A_t|                  r=+0.06  beta=+0.158 [-0.082,+0.399]  VIF=1.00
    mean max_a|F_t(a)|/|U|     r=+0.05  beta=+9.047 [-25.048,+43.142]  VIF=20135.83
  CV R^2 main effects      : -0.016 +/- 0.019
  CV R^2 with interaction  : -0.030 +/- 0.031
  in-sample adjusted R^2   : 0.000
  nested F(1,495) = 0.58, p = 4.45e-01

  SCOPE: fitted and cross-validated on SYNTHETIC data only. The
  diagnostics are not validated on real cohorts and the fitted
  coefficients must not be transferred to a new domain. Read them
  as ordinal warnings, not as a calibrated model.
