==========================================================================
  A. MAIN COMPARISON  (30 runs, alpha=2/|U|, beta=1/|U|)
==========================================================================
method  error  err_sd  auroc  auroc_sd
    B1 31.800   1.400  0.500     0.000
    B2 28.650   3.742  0.548     0.062
    B3 18.783   5.346  0.704     0.084
    B4 28.222   5.251  0.716     0.083
  DRSS 45.517   8.934  0.682     0.118
  B1 vs DRSS wilcoxon p = 5.74e-06
  B2 vs DRSS wilcoxon p = 2.35e-06
  B3 vs DRSS wilcoxon p = 1.73e-06
  B4 vs DRSS wilcoxon p = 2.61e-08

==========================================================================
  B. CALIBRATION SWEEP
==========================================================================

==========================================================================
  10.7  6x6 CALIBRATION SWEEP  ->  Table 10
==========================================================================

  Classification error (%):
beta_mult   0.25  0.50  1.00  2.00  4.00  8.00
alpha_mult                                    
0.25        68.3  46.5  47.4  47.5  49.0  54.1
0.50        44.8  68.3  47.3  47.4  48.2  52.8
1.00        44.9  44.8  68.3  47.4  47.5  50.1
2.00        45.3  45.2  44.8  68.3  47.4  47.6
4.00        45.3  45.3  45.3  44.9  68.3  47.4
8.00        45.3  45.3  45.3  45.3  44.9  68.3

  AUROC:
beta_mult   0.25  0.50  1.00  2.00  4.00  8.00
alpha_mult                                    
0.25       0.731 0.625 0.604 0.598 0.562 0.492
0.50       0.694 0.731 0.611 0.601 0.582 0.511
1.00       0.689 0.692 0.731 0.606 0.598 0.548
2.00       0.681 0.686 0.690 0.731 0.604 0.591
4.00       0.674 0.676 0.680 0.688 0.731 0.604
8.00       0.670 0.671 0.673 0.677 0.688 0.731

  Spread over the whole grid:  error 23.5 p.p.,  AUROC 0.239

==========================================================================
  C. SENSITIVITY TO STRUCTURE ADHERENCE (rho)
==========================================================================
  rho=0.60  B1 31.7  B3 18.4  B4 29.1  DRSS 42.5   | DRSS AUROC 0.694
  rho=0.75  B1 31.7  B3 18.5  B4 27.5  DRSS 44.8   | DRSS AUROC 0.690
  rho=0.90  B1 30.0  B3 18.7  B4 22.5  DRSS 51.0   | DRSS AUROC 0.700

==========================================================================
  D. DIAGNOSTIC REGRESSION
==========================================================================

==========================================================================
  10.9  DIAGNOSTIC REGRESSION  ->  Table 18
==========================================================================
  response Delta = err_B1 - err_DRSS  (percentage points)
    mean -13.15  sd 7.99  range [-34.50, 6.50]
    DRSS LOSES on 95.3% of runs  (previously not visible)
  n = 300
    Var_t(H_t)                 r=+0.09  beta=+0.745 [-0.174,+1.664]  VIF=1.06
    mean|A_t|                  r=-0.13  beta=-1.167 [-2.104,-0.231]  VIF=1.09
    mean max_a|F_t(a)|/|U|     r=+0.05  beta=+0.896 [-0.052,+1.844]  VIF=1.12
  CV R^2 main effects      : -0.019 +/- 0.031
  CV R^2 with interaction  : -0.034 +/- 0.038
  in-sample adjusted R^2   : 0.023
  nested F(1,295) = 2.21, p = 1.38e-01

  SCOPE: fitted and cross-validated on SYNTHETIC data only. The
  diagnostics are not validated on real cohorts and the fitted
  coefficients must not be transferred to a new domain. Read them
  as ordinal warnings, not as a calibrated model.
